
> wemisc-marketing-next@0.1.0 build
> next build

Γû▓ Next.js 16.1.6 (Turbopack)

node.exe : ΓÜá The "middleware" file 
convention is deprecated. Please use 
"proxy" instead. Learn more: https://
nextjs.org/docs/messages/middleware-t
o-proxy
At C:\Program 
Files\nodejs\npm.ps1:29 char:3
+   & $NODE_EXE $NPM_CLI_JS $args
+   ~~~~~~~~~~~~~~~~~~~~~~~~~~~~~
    + CategoryInfo          : NotSpe 
   cified: (ΓÜá The "middle...lewar  
  e-to-proxy:String) [], RemoteExc   
 eption
    + FullyQualifiedErrorId : Native 
   CommandError
 
  Creating an optimized production build ...

> Build error occurred
Error: Turbopack build failed with 5 
errors:
./app/[locale]/invoice/[orderId]/page
.js:3:1
Module not found: Can't resolve 
'../../../Checkout-Page/Invoice'
[0m [90m 1 |[39m [36mimport[39m 
{ getTranslations } [36mfrom[39m [
32m"next-intl/server"[39m[33m;[39m
 [90m 2 |[39m [36mimport[39m { 
fetchSettings } [36mfrom[39m [32m"
../../../lib/server-api"[39m[33m;[
39m
[31m[1m>[22m[39m[90m 3 |[39m 
[36mimport[39m [33mInvoice[39m 
[36mfrom[39m [32m"../../../Checkou
t-Page/Invoice"[39m[33m;[39m
 [90m   |[39m [31m[1m^[22m[39m
[31m[1m^[22m[39m[31m[1m^[22m[3
9m[31m[1m^[22m[39m[31m[1m^[22m
[39m[31m[1m^[22m[39m[31m[1m^[
22m[39m[31m[1m^[22m[39m[31m[1m
^[22m[39m[31m[1m^[22m[39m[31m
[1m^[22m[39m[31m[1m^[22m[39m[3
1m[1m^[22m[39m[31m[1m^[22m[39m
[31m[1m^[22m[39m[31m[1m^[22m[
39m[31m[1m^[22m[39m[31m[1m^[22
m[39m[31m[1m^[22m[39m[31m[1m^
[22m[39m[31m[1m^[22m[39m[31m[1
m^[22m[39m[31m[1m^[22m[39m[31m
[1m^[22m[39m[31m[1m^[22m[39m[
31m[1m^[22m[39m[31m[1m^[22m[39
m[31m[1m^[22m[39m[31m[1m^[22m
[39m[31m[1m^[22m[39m[31m[1m^[2
2m[39m[31m[1m^[22m[39m[31m[1m^
[22m[39m[31m[1m^[22m[39m[31m[
1m^[22m[39m[31m[1m^[22m[39m[31
m[1m^[22m[39m[31m[1m^[22m[39m
[31m[1m^[22m[39m[31m[1m^[22m[3
9m[31m[1m^[22m[39m[31m[1m^[22m
[39m[31m[1m^[22m[39m[31m[1m^[
22m[39m[31m[1m^[22m[39m[31m[1m
^[22m[39m[31m[1m^[22m[39m[31m
[1m^[22m[39m[31m[1m^[22m[39m[3
1m[1m^[22m[39m[31m[1m^[22m[39m
[31m[1m^[22m[39m[31m[1m^[22m[
39m
 [90m 4 |[39m
 [90m 5 |[39m [36mexport[39m 
[36masync[39m [36mfunction[39m 
generateMetadata({ params }) {
 [90m 6 |[39m   [36mconst[39m { 
locale[33m,[39m orderId } 
[33m=[39m [36mawait[39m 
params[33m;[39m[0m



https://nextjs.org/docs/messages/modu
le-not-found


./app/[locale]/cart/page.js:3:1
Module not found: Can't resolve 
'../../Cart-Page/Cart'
[0m [90m 1 |[39m [36mimport[39m 
{ getTranslations } [36mfrom[39m [
32m"next-intl/server"[39m[33m;[39m
 [90m 2 |[39m [36mimport[39m { 
fetchSettings } [36mfrom[39m [32m"
../../lib/server-api"[39m[33m;[39m
[31m[1m>[22m[39m[90m 3 |[39m 
[36mimport[39m [33mCart[39m 
[36mfrom[39m [32m"../../Cart-Page/
Cart"[39m[33m;[39m
 [90m   |[39m [31m[1m^[22m[39m
[31m[1m^[22m[39m[31m[1m^[22m[3
9m[31m[1m^[22m[39m[31m[1m^[22m
[39m[31m[1m^[22m[39m[31m[1m^[
22m[39m[31m[1m^[22m[39m[31m[1m
^[22m[39m[31m[1m^[22m[39m[31m
[1m^[22m[39m[31m[1m^[22m[39m[3
1m[1m^[22m[39m[31m[1m^[22m[39m
[31m[1m^[22m[39m[31m[1m^[22m[
39m[31m[1m^[22m[39m[31m[1m^[22
m[39m[31m[1m^[22m[39m[31m[1m^
[22m[39m[31m[1m^[22m[39m[31m[1
m^[22m[39m[31m[1m^[22m[39m[31m
[1m^[22m[39m[31m[1m^[22m[39m[
31m[1m^[22m[39m[31m[1m^[22m[39
m[31m[1m^[22m[39m[31m[1m^[22m
[39m[31m[1m^[22m[39m[31m[1m^[2
2m[39m[31m[1m^[22m[39m[31m[1m^
[22m[39m[31m[1m^[22m[39m[31m[
1m^[22m[39m[31m[1m^[22m[39m[31
m[1m^[22m[39m[31m[1m^[22m[39m
[31m[1m^[22m[39m[31m[1m^[22m[3
9m
 [90m 4 |[39m
 [90m 5 |[39m [36mexport[39m 
[36masync[39m [36mfunction[39m 
generateMetadata({ params }) {
 [90m 6 |[39m   [36mconst[39m { 
locale } [33m=[39m [36mawait[39m 
params[33m;[39m[0m



https://nextjs.org/docs/messages/modu
le-not-found


./app/[locale]/checkout/page.js:3:1
Module not found: Can't resolve 
'../../Checkout-Page/Checkout'
[0m [90m 1 |[39m [36mimport[39m 
{ getTranslations } [36mfrom[39m [
32m"next-intl/server"[39m[33m;[39m
 [90m 2 |[39m [36mimport[39m { 
fetchSettings } [36mfrom[39m [32m"
../../lib/server-api"[39m[33m;[39m
[31m[1m>[22m[39m[90m 3 |[39m 
[36mimport[39m [33mCheckout[39m 
[36mfrom[39m [32m"../../Checkout-P
age/Checkout"[39m[33m;[39m
 [90m   |[39m [31m[1m^[22m[39m
[31m[1m^[22m[39m[31m[1m^[22m[3
9m[31m[1m^[22m[39m[31m[1m^[22m
[39m[31m[1m^[22m[39m[31m[1m^[
22m[39m[31m[1m^[22m[39m[31m[1m
^[22m[39m[31m[1m^[22m[39m[31m
[1m^[22m[39m[31m[1m^[22m[39m[3
1m[1m^[22m[39m[31m[1m^[22m[39m
[31m[1m^[22m[39m[31m[1m^[22m[
39m[31m[1m^[22m[39m[31m[1m^[22
m[39m[31m[1m^[22m[39m[31m[1m^
[22m[39m[31m[1m^[22m[39m[31m[1
m^[22m[39m[31m[1m^[22m[39m[31m
[1m^[22m[39m[31m[1m^[22m[39m[
31m[1m^[22m[39m[31m[1m^[22m[39
m[31m[1m^[22m[39m[31m[1m^[22m
[39m[31m[1m^[22m[39m[31m[1m^[2
2m[39m[31m[1m^[22m[39m[31m[1m^
[22m[39m[31m[1m^[22m[39m[31m[
1m^[22m[39m[31m[1m^[22m[39m[31
m[1m^[22m[39m[31m[1m^[22m[39m
[31m[1m^[22m[39m[31m[1m^[22m[3
9m[31m[1m^[22m[39m[31m[1m^[22m
[39m[31m[1m^[22m[39m[31m[1m^[
22m[39m[31m[1m^[22m[39m[31m[1m
^[22m[39m[31m[1m^[22m[39m[31m
[1m^[22m[39m[31m[1m^[22m[39m[3
1m[1m^[22m[39m[31m[1m^[22m[39m
[31m[1m^[22m[39m
 [90m 4 |[39m
 [90m 5 |[39m [36mexport[39m 
[36masync[39m [36mfunction[39m 
generateMetadata({ params }) {
 [90m 6 |[39m   [36mconst[39m { 
locale } [33m=[39m [36mawait[39m 
params[33m;[39m[0m



https://nextjs.org/docs/messages/modu
le-not-found


./app/[locale]/payment-canceled/page.
js:2:1
Module not found: Can't resolve 
'../../Checkout-Page/PaymentCanceled'
[0m [90m 1 |[39m [36mimport[39m 
{ getTranslations } [36mfrom[39m [
32m"next-intl/server"[39m[33m;[39m
[31m[1m>[22m[39m[90m 2 |[39m 
[36mimport[39m 
[33mPaymentCanceled[39m 
[36mfrom[39m [32m"../../Checkout-P
age/PaymentCanceled"[39m[33m;[39m
 [90m   |[39m [31m[1m^[22m[39m
[31m[1m^[22m[39m[31m[1m^[22m[3
9m[31m[1m^[22m[39m[31m[1m^[22m
[39m[31m[1m^[22m[39m[31m[1m^[
22m[39m[31m[1m^[22m[39m[31m[1m
^[22m[39m[31m[1m^[22m[39m[31m
[1m^[22m[39m[31m[1m^[22m[39m[3
1m[1m^[22m[39m[31m[1m^[22m[39m
[31m[1m^[22m[39m[31m[1m^[22m[
39m[31m[1m^[22m[39m[31m[1m^[22
m[39m[31m[1m^[22m[39m[31m[1m^
[22m[39m[31m[1m^[22m[39m[31m[1
m^[22m[39m[31m[1m^[22m[39m[31m
[1m^[22m[39m[31m[1m^[22m[39m[
31m[1m^[22m[39m[31m[1m^[22m[39
m[31m[1m^[22m[39m[31m[1m^[22m
[39m[31m[1m^[22m[39m[31m[1m^[2
2m[39m[31m[1m^[22m[39m[31m[1m^
[22m[39m[31m[1m^[22m[39m[31m[
1m^[22m[39m[31m[1m^[22m[39m[31
m[1m^[22m[39m[31m[1m^[22m[39m
[31m[1m^[22m[39m[31m[1m^[22m[3
9m[31m[1m^[22m[39m[31m[1m^[22m
[39m[31m[1m^[22m[39m[31m[1m^[
22m[39m[31m[1m^[22m[39m[31m[1m
^[22m[39m[31m[1m^[22m[39m[31m
[1m^[22m[39m[31m[1m^[22m[39m[3
1m[1m^[22m[39m[31m[1m^[22m[39m
[31m[1m^[22m[39m[31m[1m^[22m[
39m[31m[1m^[22m[39m[31m[1m^[22
m[39m[31m[1m^[22m[39m[31m[1m^
[22m[39m[31m[1m^[22m[39m[31m[1
m^[22m[39m[31m[1m^[22m[39m[31m
[1m^[22m[39m[31m[1m^[22m[39m[
31m[1m^[22m[39m[31m[1m^[22m[39
m[31m[1m^[22m[39m[31m[1m^[22m
[39m
 [90m 3 |[39m
 [90m 4 |[39m [36mexport[39m 
[36masync[39m [36mfunction[39m 
generateMetadata({ params }) {
 [90m 5 |[39m   [36mconst[39m { 
locale } [33m=[39m [36mawait[39m 
params[33m;[39m[0m



https://nextjs.org/docs/messages/modu
le-not-found


./app/[locale]/payment-failed/page.js
:2:1
Module not found: Can't resolve 
'../../Checkout-Page/PaymentFailed'
[0m [90m 1 |[39m [36mimport[39m 
{ getTranslations } [36mfrom[39m [
32m"next-intl/server"[39m[33m;[39m
[31m[1m>[22m[39m[90m 2 |[39m 
[36mimport[39m 
[33mPaymentFailed[39m 
[36mfrom[39m [32m"../../Checkout-P
age/PaymentFailed"[39m[33m;[39m
 [90m   |[39m [31m[1m^[22m[39m
[31m[1m^[22m[39m[31m[1m^[22m[3
9m[31m[1m^[22m[39m[31m[1m^[22m
[39m[31m[1m^[22m[39m[31m[1m^[
22m[39m[31m[1m^[22m[39m[31m[1m
^[22m[39m[31m[1m^[22m[39m[31m
[1m^[22m[39m[31m[1m^[22m[39m[3
1m[1m^[22m[39m[31m[1m^[22m[39m
[31m[1m^[22m[39m[31m[1m^[22m[
39m[31m[1m^[22m[39m[31m[1m^[22
m[39m[31m[1m^[22m[39m[31m[1m^
[22m[39m[31m[1m^[22m[39m[31m[1
m^[22m[39m[31m[1m^[22m[39m[31m
[1m^[22m[39m[31m[1m^[22m[39m[
31m[1m^[22m[39m[31m[1m^[22m[39
m[31m[1m^[22m[39m[31m[1m^[22m
[39m[31m[1m^[22m[39m[31m[1m^[2
2m[39m[31m[1m^[22m[39m[31m[1m^
[22m[39m[31m[1m^[22m[39m[31m[
1m^[22m[39m[31m[1m^[22m[39m[31
m[1m^[22m[39m[31m[1m^[22m[39m
[31m[1m^[22m[39m[31m[1m^[22m[3
9m[31m[1m^[22m[39m[31m[1m^[22m
[39m[31m[1m^[22m[39m[31m[1m^[
22m[39m[31m[1m^[22m[39m[31m[1m
^[22m[39m[31m[1m^[22m[39m[31m
[1m^[22m[39m[31m[1m^[22m[39m[3
1m[1m^[22m[39m[31m[1m^[22m[39m
[31m[1m^[22m[39m[31m[1m^[22m[
39m[31m[1m^[22m[39m[31m[1m^[22
m[39m[31m[1m^[22m[39m[31m[1m^
[22m[39m[31m[1m^[22m[39m[31m[1
m^[22m[39m[31m[1m^[22m[39m[31m
[1m^[22m[39m[31m[1m^[22m[39m
 [90m 3 |[39m
 [90m 4 |[39m [36mexport[39m 
[36masync[39m [36mfunction[39m 
generateMetadata({ params }) {
 [90m 5 |[39m   [36mconst[39m { 
locale } [33m=[39m [36mawait[39m 
params[33m;[39m[0m



https://nextjs.org/docs/messages/modu
le-not-found


    at <unknown> (./app/[locale]/invo
ice/[orderId]/page.js:3:1)
    at <unknown> (https://nextjs.org/
docs/messages/module-not-found)
    at <unknown> 
(./app/[locale]/cart/page.js:3:1)
    at <unknown> (https://nextjs.org/
docs/messages/module-not-found)
    at <unknown> 
(./app/[locale]/checkout/page.js:3:1)
    at <unknown> (https://nextjs.org/
docs/messages/module-not-found)
    at <unknown> (./app/[locale]/paym
ent-canceled/page.js:2:1)
    at <unknown> (https://nextjs.org/
docs/messages/module-not-found)
    at <unknown> (./app/[locale]/paym
ent-failed/page.js:2:1)
    at <unknown> (https://nextjs.org/
docs/messages/module-not-found)
